// Jest Snapshot v1, https://goo.gl/fbAQLP

exports[`DOM manipulation renders correctly 1`] = `
<DocumentFragment>
  <!---->
  <div
    class="range-slider range-slider_orientation-horizontal"
    style=""
  >
    
    
    <div
      class="range-slider__track range-slider__track_orientation-horizontal"
      style=""
    >
      
      
      <!---->
      <div
        class="range-slider__range range-slider__range_animate-tap"
        style="transform: translate(0%, 0) scale(0.5, 1);"
      />
      <!---->
      <div
        class="range-slider__range range-slider__range_animate-tap"
        style="transform: translate(50%, 0) scale(0.5, 1);"
      />
      <!---->
      <div
        class="range-slider__thumb-origin range-slider__thumb-origin_orientation-horizontal range-slider__thumb-origin_animate-tap"
        style="z-index: 2; transform: translate(450%, 0);"
      >
        
      
        <div
          aria-orientation="horizontal"
          aria-valuemax="100"
          aria-valuemin="-100"
          aria-valuenow="0"
          aria-valuetext="0.00"
          class="range-slider__thumb"
          role="slider"
          tabindex="0"
        >
          
        
          <div
            class="range-slider__tooltip range-slider__tooltip_orientation-top"
            style=""
          >
            
    
            0.00
            
  
          </div>
          
      
        </div>
        
    
      </div>
      <!---->
      
    
    </div>
    
    
    <div
      class="range-slider__pips range-slider__pips_orientation-horizontal"
      style=""
    >
      
      
      <!---->
      <!---->
      <!---->
      <div
        class="range-slider__pips-value"
        data-formatted-value="-100.00"
        data-value="-100"
        style="left: 0%;"
      />
      <!---->
      <!---->
      <!---->
      <!---->
      <div
        class="range-slider__pips-marker"
        style="left: 1%;"
      />
      <!---->
      <div
        class="range-slider__pips-marker"
        style="left: 2%;"
      />
      <!---->
      <div
        class="range-slider__pips-marker"
        style="left: 3%;"
      />
      <!---->
      <div
        class="range-slider__pips-marker"
        style="left: 4%;"
      />
      <!---->
      <div
        class="range-slider__pips-marker"
        style="left: 5%;"
      />
      <!---->
      <div
        class="range-slider__pips-marker"
        style="left: 6%;"
      />
      <!---->
      <div
        class="range-slider__pips-marker"
        style="left: 7%;"
      />
      <!---->
      <div
        class="range-slider__pips-marker"
        style="left: 8%;"
      />
      <!---->
      <div
        class="range-slider__pips-marker"
        style="left: 9%;"
      />
      <!---->
      <div
        class="range-slider__pips-marker"
        style="left: 10%;"
      />
      <!---->
      <div
        class="range-slider__pips-marker"
        style="left: 11%;"
      />
      <!---->
      <div
        class="range-slider__pips-marker"
        style="left: 12%;"
      />
      <!---->
      <div
        class="range-slider__pips-marker"
        style="left: 13%;"
      />
      <!---->
      <div
        class="range-slider__pips-marker"
        style="left: 14%;"
      />
      <!---->
      <div
        class="range-slider__pips-marker"
        style="left: 15%;"
      />
      <!---->
      <div
        class="range-slider__pips-marker"
        style="left: 16%;"
      />
      <!---->
      <div
        class="range-slider__pips-marker"
        style="left: 17%;"
      />
      <!---->
      <div
        class="range-slider__pips-marker"
        style="left: 18%;"
      />
      <!---->
      <div
        class="range-slider__pips-marker"
        style="left: 19%;"
      />
      <!---->
      <div
        class="range-slider__pips-marker"
        style="left: 20%;"
      />
      <!---->
      <div
        class="range-slider__pips-marker"
        style="left: 21%;"
      />
      <!---->
      <div
        class="range-slider__pips-marker"
        style="left: 22%;"
      />
      <!---->
      <div
        class="range-slider__pips-marker"
        style="left: 23%;"
      />
      <!---->
      <div
        class="range-slider__pips-marker"
        style="left: 24%;"
      />
      <!---->
      <div
        class="range-slider__pips-marker"
        style="left: 25%;"
      />
      <!---->
      <div
        class="range-slider__pips-marker"
        style="left: 26%;"
      />
      <!---->
      <div
        class="range-slider__pips-marker"
        style="left: 27%;"
      />
      <!---->
      <div
        class="range-slider__pips-marker"
        style="left: 28%;"
      />
      <!---->
      <div
        class="range-slider__pips-marker"
        style="left: 29%;"
      />
      <!---->
      <div
        class="range-slider__pips-marker"
        style="left: 30%;"
      />
      <!---->
      <div
        class="range-slider__pips-marker"
        style="left: 31%;"
      />
      <!---->
      <div
        class="range-slider__pips-marker"
        style="left: 32%;"
      />
      <!---->
      <div
        class="range-slider__pips-marker"
        style="left: 33%;"
      />
      <!---->
      <div
        class="range-slider__pips-marker"
        style="left: 34%;"
      />
      <!---->
      <div
        class="range-slider__pips-marker"
        style="left: 35%;"
      />
      <!---->
      <div
        class="range-slider__pips-marker"
        style="left: 36%;"
      />
      <!---->
      <div
        class="range-slider__pips-marker"
        style="left: 37%;"
      />
      <!---->
      <div
        class="range-slider__pips-marker"
        style="left: 38%;"
      />
      <!---->
      <div
        class="range-slider__pips-marker"
        style="left: 39%;"
      />
      <!---->
      <div
        class="range-slider__pips-marker"
        style="left: 40%;"
      />
      <!---->
      <div
        class="range-slider__pips-marker"
        style="left: 41%;"
      />
      <!---->
      <div
        class="range-slider__pips-marker"
        style="left: 42%;"
      />
      <!---->
      <div
        class="range-slider__pips-marker"
        style="left: 43%;"
      />
      <!---->
      <div
        class="range-slider__pips-marker"
        style="left: 44%;"
      />
      <!---->
      <div
        class="range-slider__pips-marker"
        style="left: 45%;"
      />
      <!---->
      <div
        class="range-slider__pips-marker"
        style="left: 46%;"
      />
      <!---->
      <div
        class="range-slider__pips-marker"
        style="left: 47%;"
      />
      <!---->
      <div
        class="range-slider__pips-marker"
        style="left: 48%;"
      />
      <!---->
      <div
        class="range-slider__pips-marker"
        style="left: 49%;"
      />
      <!---->
      <div
        class="range-slider__pips-marker"
        style="left: 50%;"
      />
      <!---->
      <div
        class="range-slider__pips-marker"
        style="left: 51%;"
      />
      <!---->
      <div
        class="range-slider__pips-marker"
        style="left: 52%;"
      />
      <!---->
      <div
        class="range-slider__pips-marker"
        style="left: 53%;"
      />
      <!---->
      <div
        class="range-slider__pips-marker"
        style="left: 54%;"
      />
      <!---->
      <div
        class="range-slider__pips-marker"
        style="left: 55%;"
      />
      <!---->
      <div
        class="range-slider__pips-marker"
        style="left: 56%;"
      />
      <!---->
      <div
        class="range-slider__pips-marker"
        style="left: 57%;"
      />
      <!---->
      <div
        class="range-slider__pips-marker"
        style="left: 58%;"
      />
      <!---->
      <div
        class="range-slider__pips-marker"
        style="left: 59%;"
      />
      <!---->
      <div
        class="range-slider__pips-marker"
        style="left: 60%;"
      />
      <!---->
      <div
        class="range-slider__pips-marker"
        style="left: 61%;"
      />
      <!---->
      <div
        class="range-slider__pips-marker"
        style="left: 62%;"
      />
      <!---->
      <div
        class="range-slider__pips-marker"
        style="left: 63%;"
      />
      <!---->
      <div
        class="range-slider__pips-marker"
        style="left: 64%;"
      />
      <!---->
      <div
        class="range-slider__pips-marker"
        style="left: 65%;"
      />
      <!---->
      <div
        class="range-slider__pips-marker"
        style="left: 66%;"
      />
      <!---->
      <div
        class="range-slider__pips-marker"
        style="left: 67%;"
      />
      <!---->
      <div
        class="range-slider__pips-marker"
        style="left: 68%;"
      />
      <!---->
      <div
        class="range-slider__pips-marker"
        style="left: 69%;"
      />
      <!---->
      <div
        class="range-slider__pips-marker"
        style="left: 70%;"
      />
      <!---->
      <div
        class="range-slider__pips-marker"
        style="left: 71%;"
      />
      <!---->
      <div
        class="range-slider__pips-marker"
        style="left: 72%;"
      />
      <!---->
      <div
        class="range-slider__pips-marker"
        style="left: 73%;"
      />
      <!---->
      <div
        class="range-slider__pips-marker"
        style="left: 74%;"
      />
      <!---->
      <div
        class="range-slider__pips-marker"
        style="left: 75%;"
      />
      <!---->
      <div
        class="range-slider__pips-marker"
        style="left: 76%;"
      />
      <!---->
      <div
        class="range-slider__pips-marker"
        style="left: 77%;"
      />
      <!---->
      <div
        class="range-slider__pips-marker"
        style="left: 78%;"
      />
      <!---->
      <div
        class="range-slider__pips-marker"
        style="left: 79%;"
      />
      <!---->
      <div
        class="range-slider__pips-marker"
        style="left: 80%;"
      />
      <!---->
      <div
        class="range-slider__pips-marker"
        style="left: 81%;"
      />
      <!---->
      <div
        class="range-slider__pips-marker"
        style="left: 82%;"
      />
      <!---->
      <div
        class="range-slider__pips-marker"
        style="left: 83%;"
      />
      <!---->
      <div
        class="range-slider__pips-marker"
        style="left: 84%;"
      />
      <!---->
      <div
        class="range-slider__pips-marker"
        style="left: 85%;"
      />
      <!---->
      <div
        class="range-slider__pips-marker"
        style="left: 86%;"
      />
      <!---->
      <div
        class="range-slider__pips-marker"
        style="left: 87%;"
      />
      <!---->
      <div
        class="range-slider__pips-marker"
        style="left: 88%;"
      />
      <!---->
      <div
        class="range-slider__pips-marker"
        style="left: 89%;"
      />
      <!---->
      <div
        class="range-slider__pips-marker"
        style="left: 90%;"
      />
      <!---->
      <div
        class="range-slider__pips-marker"
        style="left: 91%;"
      />
      <!---->
      <div
        class="range-slider__pips-marker"
        style="left: 92%;"
      />
      <!---->
      <div
        class="range-slider__pips-marker"
        style="left: 93%;"
      />
      <!---->
      <div
        class="range-slider__pips-marker"
        style="left: 94%;"
      />
      <!---->
      <div
        class="range-slider__pips-marker"
        style="left: 95%;"
      />
      <!---->
      <div
        class="range-slider__pips-marker"
        style="left: 96%;"
      />
      <!---->
      <div
        class="range-slider__pips-marker"
        style="left: 97%;"
      />
      <!---->
      <div
        class="range-slider__pips-marker"
        style="left: 98%;"
      />
      <!---->
      <div
        class="range-slider__pips-marker"
        style="left: 99%;"
      />
      <!---->
      <div
        class="range-slider__pips-marker"
        style="left: 100%;"
      />
      <!---->
      <!---->
      <div
        class="range-slider__pips-value"
        data-formatted-value="100.00"
        data-value="100"
        style="left: 100%;"
      />
      <!---->
      <!---->
      
    
    </div>
    
  
  </div>
  <!---->
</DocumentFragment>
`;
