// Jest Snapshot v1, https://goo.gl/fbAQLP

exports[`DOM manipulation can to be rendered correctly 1`] = `
<DocumentFragment>
  <!---->
  <div
    class="range-slider__thumb-origin js-range-slider__thumb-origin range-slider__thumb-origin_orientation_horizontal"
    style=""
  >
    
      
    <div
      aria-orientation="horizontal"
      aria-valuemax="-1.00"
      aria-valuemin="-1.00"
      aria-valuenow="-1.00"
      aria-valuetext="-1"
      class="range-slider__thumb js-range-slider__thumb"
      role="slider"
      tabindex="0"
    >
      
        
      
      
    </div>
    
    
  </div>
  <!---->
</DocumentFragment>
`;
